components/dashboard/CompanyForms.tsx(4,48): error TS2307: Cannot find module '../actions' or its corresponding type declarations.
